{"timestamp":"2026-10-10T14:37:15.406352Z","level":"info","event":"::group::Pre Execute","logger":"task","filename":"task_runner.py","lineno":2412}
{"timestamp":"2026-10-10T14:37:15.733782Z","level":"info","event":"DAG bundles loaded: dags-folder","run_id":"scheduled__2026-10-10T00:30:00+00:00","try_number":1,"task_id":"portfolio_health_summary","ti_id":"01a1263d-cbc0-761f-a70b-d7cd5d613844","dag_id":"loanpulse_daily_pipeline","map_index":-1,"logger":"airflow.dag_processing.bundles.manager.DagBundlesManager","filename":"manager.py","lineno":304}
{"timestamp":"2026-10-10T14:37:15.752793Z","level":"info","event":"Filling up the DagBag from /opt/airflow/dags/loanpulse_daily_pipeline.py","run_id":"scheduled__2026-10-10T00:30:00+00:00","try_number":1,"task_id":"portfolio_health_summary","ti_id":"01a1263d-cbc0-761f-a70b-d7cd5d613844","dag_id":"loanpulse_daily_pipeline","map_index":-1,"logger":"airflow.dag_processing.dagbag.BundleDagBag","filename":"dagbag.py","lineno":460}
{"timestamp":"2026-10-10T14:37:21.581965Z","level":"warning","event":"urllib3 (2.7.0) or chardet (7.6.0)/charset_normalizer (3.5.1) doesn't match a supported version!","category":"UserWarning","filename":"/home/airflow/.local/lib/python3.13/site-packages/snowflake/connector/vendored/requests/__init__.py","lineno":113,"run_id":"scheduled__2026-10-10T00:30:00+00:00","try_number":1,"task_id":"portfolio_health_summary","ti_id":"01a1263d-cbc0-761f-a70b-d7cd5d613844","dag_id":"loanpulse_daily_pipeline","map_index":-1,"logger":"py.warnings"}
{"timestamp":"2026-10-10T14:37:21.594912Z","level":"info","event":"Worker startup parse complete","bundle_name":"dags-folder","bundle_version":null,"dag_file":"loanpulse_daily_pipeline.py","dag_id":"loanpulse_daily_pipeline","bundle_prepare_ms":21,"dag_file_parse_ms":5847,"run_id":"scheduled__2026-10-10T00:30:00+00:00","try_number":1,"task_id":"portfolio_health_summary","ti_id":"01a1263d-cbc0-761f-a70b-d7cd5d613844","map_index":-1,"logger":"task","filename":"task_runner.py","lineno":1073}
{"timestamp":"2026-10-10T14:37:21.696350Z","level":"info","event":"::endgroup::","run_id":"scheduled__2026-10-10T00:30:00+00:00","try_number":1,"task_id":"portfolio_health_summary","ti_id":"01a1263d-cbc0-761f-a70b-d7cd5d613844","dag_id":"loanpulse_daily_pipeline","map_index":-1,"logger":"task","filename":"task_runner.py","lineno":2232}
{"timestamp":"2026-10-10T14:37:21.707556Z","level":"info","event":"Snowflake Connector for Python Version: 4.7.3, Python Version: 3.13.15, Platform: Linux-6.18.40.1-microsoft-standard-WSL2-x86_64-with-glibc2.36","logger":"snowflake.connector.connection","run_id":"scheduled__2026-10-10T00:30:00+00:00","try_number":1,"task_id":"portfolio_health_summary","ti_id":"01a1263d-cbc0-761f-a70b-d7cd5d613844","dag_id":"loanpulse_daily_pipeline","map_index":-1,"filename":"connection.py","lineno":660}
{"timestamp":"2026-10-10T14:37:21.710824Z","level":"info","event":"Connecting to GLOBAL Snowflake domain","logger":"snowflake.connector.connection","run_id":"scheduled__2026-10-10T00:30:00+00:00","try_number":1,"task_id":"portfolio_health_summary","ti_id":"01a1263d-cbc0-761f-a70b-d7cd5d613844","dag_id":"loanpulse_daily_pipeline","map_index":-1,"filename":"connection.py","lineno":1773}
{"timestamp":"2026-10-10T14:37:21.998072Z","level":"info","event":"Found credentials in shared credentials file: ~/.aws/credentials","logger":"botocore.credentials","filename":"credentials.py","lineno":1392}
{"timestamp":"2026-10-10T14:37:24.659147Z","level":"info","event":"=========== PORTFOLIO HEALTH ===========","logger":"task.stdout"}
{"timestamp":"2026-10-10T14:37:24.661449Z","level":"info","event":"Month-end: 2026-06-30","logger":"task.stdout"}
{"timestamp":"2026-10-10T14:37:24.663798Z","level":"info","event":"GNPA: 5.18%","logger":"task.stdout"}
{"timestamp":"2026-10-10T14:37:24.666180Z","level":"info","event":"PAR 30: 7.27%","logger":"task.stdout"}
{"timestamp":"2026-10-10T14:37:24.668278Z","level":"info","event":"Collection efficiency: 93.22%","logger":"task.stdout"}
{"timestamp":"2026-10-10T14:37:24.670109Z","level":"info","event":"Worst branch: BR005 (10.53% GNPA)","logger":"task.stdout"}
{"timestamp":"2026-10-10T14:37:24.672154Z","level":"info","event":"GNPA change: +0.91 percentage points","logger":"task.stdout"}
{"timestamp":"2026-10-10T14:37:24.673972Z","level":"info","event":"========================================","logger":"task.stdout"}
{"timestamp":"2026-10-10T14:37:24.675334Z","level":"info","event":"ALERT: GNPA rose by 0.91 percentage points. Review branch BR005 first.","logger":"task.stdout"}
{"timestamp":"2026-10-10T14:37:24.652890Z","level":"info","event":"Done. Returned value was: None","run_id":"scheduled__2026-10-10T00:30:00+00:00","try_number":1,"task_id":"portfolio_health_summary","ti_id":"01a1263d-cbc0-761f-a70b-d7cd5d613844","dag_id":"loanpulse_daily_pipeline","map_index":-1,"logger":"airflow.task.operators.airflow.providers.standard.decorators.python._PythonDecoratedOperator","filename":"python.py","lineno":233}
{"timestamp":"2026-10-10T14:37:24.653611Z","level":"info","event":"::group::Post Execute","run_id":"scheduled__2026-10-10T00:30:00+00:00","try_number":1,"task_id":"portfolio_health_summary","ti_id":"01a1263d-cbc0-761f-a70b-d7cd5d613844","dag_id":"loanpulse_daily_pipeline","map_index":-1,"logger":"task","filename":"task_runner.py","lineno":1580}
{"timestamp":"2026-10-10T14:37:24.738254Z","level":"info","event":"::endgroup::","run_id":"scheduled__2026-10-10T00:30:00+00:00","try_number":1,"task_id":"portfolio_health_summary","ti_id":"01a1263d-cbc0-761f-a70b-d7cd5d613844","dag_id":"loanpulse_daily_pipeline","map_index":-1,"logger":"task","filename":"task_runner.py","lineno":2379}
