{"timestamp":"2026-10-10T14:35:40.435954Z","level":"info","event":"::group::Pre Execute","logger":"task","filename":"task_runner.py","lineno":2412}
{"timestamp":"2026-10-10T14:35:40.477914Z","level":"info","event":"DAG bundles loaded: dags-folder","task_id":"portfolio_health_summary","dag_id":"loanpulse_daily_pipeline","try_number":1,"ti_id":"01a1263b-fe63-716e-bb31-fe3781cb4a6d","map_index":-1,"run_id":"manual__2026-10-10T14:33:48.099935+00:00","logger":"airflow.dag_processing.bundles.manager.DagBundlesManager","filename":"manager.py","lineno":304}
{"timestamp":"2026-10-10T14:35:40.482438Z","level":"info","event":"Filling up the DagBag from /opt/airflow/dags/loanpulse_daily_pipeline.py","task_id":"portfolio_health_summary","dag_id":"loanpulse_daily_pipeline","try_number":1,"ti_id":"01a1263b-fe63-716e-bb31-fe3781cb4a6d","map_index":-1,"run_id":"manual__2026-10-10T14:33:48.099935+00:00","logger":"airflow.dag_processing.dagbag.BundleDagBag","filename":"dagbag.py","lineno":460}
{"timestamp":"2026-10-10T14:35:42.176187Z","level":"warning","event":"urllib3 (2.7.0) or chardet (7.6.0)/charset_normalizer (3.5.1) doesn't match a supported version!","category":"UserWarning","filename":"/home/airflow/.local/lib/python3.13/site-packages/snowflake/connector/vendored/requests/__init__.py","lineno":113,"task_id":"portfolio_health_summary","dag_id":"loanpulse_daily_pipeline","try_number":1,"ti_id":"01a1263b-fe63-716e-bb31-fe3781cb4a6d","map_index":-1,"run_id":"manual__2026-10-10T14:33:48.099935+00:00","logger":"py.warnings"}
{"timestamp":"2026-10-10T14:35:42.178996Z","level":"info","event":"Worker startup parse complete","bundle_name":"dags-folder","bundle_version":null,"dag_file":"loanpulse_daily_pipeline.py","dag_id":"loanpulse_daily_pipeline","bundle_prepare_ms":6,"dag_file_parse_ms":1698,"task_id":"portfolio_health_summary","try_number":1,"ti_id":"01a1263b-fe63-716e-bb31-fe3781cb4a6d","map_index":-1,"run_id":"manual__2026-10-10T14:33:48.099935+00:00","logger":"task","filename":"task_runner.py","lineno":1073}
{"timestamp":"2026-10-10T14:35:42.225545Z","level":"info","event":"::endgroup::","task_id":"portfolio_health_summary","dag_id":"loanpulse_daily_pipeline","try_number":1,"ti_id":"01a1263b-fe63-716e-bb31-fe3781cb4a6d","map_index":-1,"run_id":"manual__2026-10-10T14:33:48.099935+00:00","logger":"task","filename":"task_runner.py","lineno":2232}
{"timestamp":"2026-10-10T14:35:42.230785Z","level":"info","event":"Snowflake Connector for Python Version: 4.7.3, Python Version: 3.13.15, Platform: Linux-6.18.40.1-microsoft-standard-WSL2-x86_64-with-glibc2.36","logger":"snowflake.connector.connection","task_id":"portfolio_health_summary","dag_id":"loanpulse_daily_pipeline","try_number":1,"ti_id":"01a1263b-fe63-716e-bb31-fe3781cb4a6d","map_index":-1,"run_id":"manual__2026-10-10T14:33:48.099935+00:00","filename":"connection.py","lineno":660}
{"timestamp":"2026-10-10T14:35:42.232323Z","level":"info","event":"Connecting to GLOBAL Snowflake domain","logger":"snowflake.connector.connection","task_id":"portfolio_health_summary","dag_id":"loanpulse_daily_pipeline","try_number":1,"ti_id":"01a1263b-fe63-716e-bb31-fe3781cb4a6d","map_index":-1,"run_id":"manual__2026-10-10T14:33:48.099935+00:00","filename":"connection.py","lineno":1773}
{"timestamp":"2026-10-10T14:35:42.421876Z","level":"info","event":"Found credentials in shared credentials file: ~/.aws/credentials","logger":"botocore.credentials","filename":"credentials.py","lineno":1392}
{"timestamp":"2026-10-10T14:35:44.854775Z","level":"info","event":"=========== PORTFOLIO HEALTH ===========","logger":"task.stdout"}
{"timestamp":"2026-10-10T14:35:44.856453Z","level":"info","event":"Month-end: 2026-06-30","logger":"task.stdout"}
{"timestamp":"2026-10-10T14:35:44.857791Z","level":"info","event":"GNPA: 5.18%","logger":"task.stdout"}
{"timestamp":"2026-10-10T14:35:44.858624Z","level":"info","event":"PAR 30: 7.27%","logger":"task.stdout"}
{"timestamp":"2026-10-10T14:35:44.860257Z","level":"info","event":"Collection efficiency: 93.22%","logger":"task.stdout"}
{"timestamp":"2026-10-10T14:35:44.861119Z","level":"info","event":"Worst branch: BR005 (10.53% GNPA)","logger":"task.stdout"}
{"timestamp":"2026-10-10T14:35:44.863666Z","level":"info","event":"GNPA change: +0.91 percentage points","logger":"task.stdout"}
{"timestamp":"2026-10-10T14:35:44.864647Z","level":"info","event":"========================================","logger":"task.stdout"}
{"timestamp":"2026-10-10T14:35:44.865592Z","level":"info","event":"ALERT: GNPA rose by 0.91 percentage points. Review branch BR005 first.","logger":"task.stdout"}
{"timestamp":"2026-10-10T14:35:44.852676Z","level":"info","event":"Done. Returned value was: None","task_id":"portfolio_health_summary","dag_id":"loanpulse_daily_pipeline","try_number":1,"ti_id":"01a1263b-fe63-716e-bb31-fe3781cb4a6d","map_index":-1,"run_id":"manual__2026-10-10T14:33:48.099935+00:00","logger":"airflow.task.operators.airflow.providers.standard.decorators.python._PythonDecoratedOperator","filename":"python.py","lineno":233}
{"timestamp":"2026-10-10T14:35:44.854327Z","level":"info","event":"::group::Post Execute","task_id":"portfolio_health_summary","dag_id":"loanpulse_daily_pipeline","try_number":1,"ti_id":"01a1263b-fe63-716e-bb31-fe3781cb4a6d","map_index":-1,"run_id":"manual__2026-10-10T14:33:48.099935+00:00","logger":"task","filename":"task_runner.py","lineno":1580}
{"timestamp":"2026-10-10T14:35:45.003646Z","level":"info","event":"::endgroup::","task_id":"portfolio_health_summary","dag_id":"loanpulse_daily_pipeline","try_number":1,"ti_id":"01a1263b-fe63-716e-bb31-fe3781cb4a6d","map_index":-1,"run_id":"manual__2026-10-10T14:33:48.099935+00:00","logger":"task","filename":"task_runner.py","lineno":2379}
